==> ConfigMap k6-scripts (miraflix)
==> Job k6-run (scenario: search)
job.batch/k6-run created
==> waiting for completion (timeout 300s)...
job.batch/k6-run condition met
==> results

         /\      Grafana   /‾‾/  
    /\  /  \     |\  __   /  /   
   /  \/    \    | |/ /  /   ‾‾\ 
  /          \   |   (  |  (‾)  |
 / __________ \  |_|\_\  \_____/ 


     execution: local
        script: /scripts/script.js
        output: Prometheus remote write (http://kube-prometheus-stack-prometheus.monitoring.svc:9090/api/v1/write)

     scenarios: (100.00%) 1 scenario, 20 max VUs, 1m30s max duration (incl. graceful stop):
              * search: 0.50 iterations/s for 1m0s (maxVUs: 10-20, exec: searchQuery, gracefulStop: 30s)


running (0m01.0s), 01/10 VUs, 0 complete and 0 interrupted iterations
search   [   2% ] 01/10 VUs  0m01.0s/1m0s  0.50 iters/s

running (0m02.0s), 01/10 VUs, 0 complete and 0 interrupted iterations
search   [   3% ] 01/10 VUs  0m02.0s/1m0s  0.50 iters/s

running (0m03.0s), 02/10 VUs, 0 complete and 0 interrupted iterations
search   [   5% ] 02/10 VUs  0m03.0s/1m0s  0.50 iters/s

running (0m04.0s), 01/10 VUs, 1 complete and 0 interrupted iterations
search   [   7% ] 01/10 VUs  0m04.0s/1m0s  0.50 iters/s

running (0m05.0s), 02/10 VUs, 1 complete and 0 interrupted iterations
search   [   8% ] 02/10 VUs  0m05.0s/1m0s  0.50 iters/s

running (0m06.0s), 02/10 VUs, 1 complete and 0 interrupted iterations
search   [  10% ] 02/10 VUs  0m06.0s/1m0s  0.50 iters/s

running (0m07.0s), 02/10 VUs, 2 complete and 0 interrupted iterations
search   [  12% ] 02/10 VUs  0m07.0s/1m0s  0.50 iters/s

running (0m08.0s), 02/10 VUs, 2 complete and 0 interrupted iterations
search   [  13% ] 02/10 VUs  0m08.0s/1m0s  0.50 iters/s

running (0m09.0s), 03/10 VUs, 2 complete and 0 interrupted iterations
search   [  15% ] 03/10 VUs  0m09.0s/1m0s  0.50 iters/s

running (0m10.0s), 02/10 VUs, 3 complete and 0 interrupted iterations
search   [  17% ] 02/10 VUs  0m10.0s/1m0s  0.50 iters/s

running (0m11.0s), 03/10 VUs, 3 complete and 0 interrupted iterations
search   [  18% ] 03/10 VUs  0m11.0s/1m0s  0.50 iters/s

running (0m12.0s), 03/10 VUs, 3 complete and 0 interrupted iterations
search   [  20% ] 03/10 VUs  0m12.0s/1m0s  0.50 iters/s

running (0m13.0s), 03/10 VUs, 4 complete and 0 interrupted iterations
search   [  22% ] 03/10 VUs  0m13.0s/1m0s  0.50 iters/s

running (0m14.0s), 03/10 VUs, 4 complete and 0 interrupted iterations
search   [  23% ] 03/10 VUs  0m14.0s/1m0s  0.50 iters/s

running (0m15.0s), 04/10 VUs, 4 complete and 0 interrupted iterations
search   [  25% ] 04/10 VUs  0m15.0s/1m0s  0.50 iters/s

running (0m16.0s), 03/10 VUs, 5 complete and 0 interrupted iterations
search   [  27% ] 03/10 VUs  0m16.0s/1m0s  0.50 iters/s

running (0m17.0s), 04/10 VUs, 5 complete and 0 interrupted iterations
search   [  28% ] 04/10 VUs  0m17.0s/1m0s  0.50 iters/s

running (0m18.0s), 04/10 VUs, 5 complete and 0 interrupted iterations
search   [  30% ] 04/10 VUs  0m18.0s/1m0s  0.50 iters/s

running (0m19.0s), 04/10 VUs, 6 complete and 0 interrupted iterations
search   [  32% ] 04/10 VUs  0m19.0s/1m0s  0.50 iters/s

running (0m20.0s), 04/10 VUs, 6 complete and 0 interrupted iterations
search   [  33% ] 04/10 VUs  0m20.0s/1m0s  0.50 iters/s

running (0m21.0s), 05/10 VUs, 6 complete and 0 interrupted iterations
search   [  35% ] 05/10 VUs  0m21.0s/1m0s  0.50 iters/s

running (0m22.0s), 04/10 VUs, 7 complete and 0 interrupted iterations
search   [  37% ] 04/10 VUs  0m22.0s/1m0s  0.50 iters/s

running (0m23.0s), 05/10 VUs, 7 complete and 0 interrupted iterations
search   [  38% ] 05/10 VUs  0m23.0s/1m0s  0.50 iters/s

running (0m24.0s), 05/10 VUs, 7 complete and 0 interrupted iterations
search   [  40% ] 05/10 VUs  0m24.0s/1m0s  0.50 iters/s

running (0m25.0s), 05/10 VUs, 8 complete and 0 interrupted iterations
search   [  42% ] 05/10 VUs  0m25.0s/1m0s  0.50 iters/s

running (0m26.0s), 05/10 VUs, 8 complete and 0 interrupted iterations
search   [  43% ] 05/10 VUs  0m26.0s/1m0s  0.50 iters/s

running (0m27.0s), 05/10 VUs, 9 complete and 0 interrupted iterations
search   [  45% ] 05/10 VUs  0m27.0s/1m0s  0.50 iters/s

running (0m28.0s), 05/10 VUs, 9 complete and 0 interrupted iterations
search   [  47% ] 05/10 VUs  0m28.0s/1m0s  0.50 iters/s

running (0m29.0s), 06/10 VUs, 9 complete and 0 interrupted iterations
search   [  48% ] 06/10 VUs  0m29.0s/1m0s  0.50 iters/s

running (0m30.0s), 05/10 VUs, 10 complete and 0 interrupted iterations
search   [  50% ] 05/10 VUs  0m30.0s/1m0s  0.50 iters/s

running (0m31.0s), 06/10 VUs, 10 complete and 0 interrupted iterations
search   [  52% ] 06/10 VUs  0m31.0s/1m0s  0.50 iters/s

running (0m32.0s), 06/10 VUs, 10 complete and 0 interrupted iterations
search   [  53% ] 06/10 VUs  0m32.0s/1m0s  0.50 iters/s

running (0m33.0s), 06/10 VUs, 11 complete and 0 interrupted iterations
search   [  55% ] 06/10 VUs  0m33.0s/1m0s  0.50 iters/s

running (0m34.0s), 06/10 VUs, 11 complete and 0 interrupted iterations
search   [  57% ] 06/10 VUs  0m34.0s/1m0s  0.50 iters/s

running (0m35.0s), 07/10 VUs, 11 complete and 0 interrupted iterations
search   [  58% ] 07/10 VUs  0m35.0s/1m0s  0.50 iters/s

running (0m36.0s), 06/10 VUs, 12 complete and 0 interrupted iterations
search   [  60% ] 06/10 VUs  0m36.0s/1m0s  0.50 iters/s

running (0m37.0s), 07/10 VUs, 12 complete and 0 interrupted iterations
search   [  62% ] 07/10 VUs  0m37.0s/1m0s  0.50 iters/s

running (0m38.0s), 07/10 VUs, 12 complete and 0 interrupted iterations
search   [  63% ] 07/10 VUs  0m38.0s/1m0s  0.50 iters/s

running (0m39.0s), 07/10 VUs, 13 complete and 0 interrupted iterations
search   [  65% ] 07/10 VUs  0m39.0s/1m0s  0.50 iters/s

running (0m40.0s), 07/10 VUs, 13 complete and 0 interrupted iterations
search   [  67% ] 07/10 VUs  0m40.0s/1m0s  0.50 iters/s

running (0m41.0s), 08/10 VUs, 13 complete and 0 interrupted iterations
search   [  68% ] 08/10 VUs  0m41.0s/1m0s  0.50 iters/s

running (0m42.0s), 07/10 VUs, 14 complete and 0 interrupted iterations
search   [  70% ] 07/10 VUs  0m42.0s/1m0s  0.50 iters/s

running (0m43.0s), 08/10 VUs, 14 complete and 0 interrupted iterations
search   [  72% ] 08/10 VUs  0m43.0s/1m0s  0.50 iters/s

running (0m44.0s), 08/10 VUs, 14 complete and 0 interrupted iterations
search   [  73% ] 08/10 VUs  0m44.0s/1m0s  0.50 iters/s

running (0m45.0s), 08/10 VUs, 15 complete and 0 interrupted iterations
search   [  75% ] 08/10 VUs  0m45.0s/1m0s  0.50 iters/s

running (0m46.0s), 08/10 VUs, 15 complete and 0 interrupted iterations
search   [  77% ] 08/10 VUs  0m46.0s/1m0s  0.50 iters/s

running (0m47.0s), 09/10 VUs, 15 complete and 0 interrupted iterations
search   [  78% ] 09/10 VUs  0m47.0s/1m0s  0.50 iters/s

running (0m48.0s), 08/10 VUs, 16 complete and 0 interrupted iterations
search   [  80% ] 08/10 VUs  0m48.0s/1m0s  0.50 iters/s

running (0m49.0s), 09/10 VUs, 16 complete and 0 interrupted iterations
search   [  82% ] 09/10 VUs  0m49.0s/1m0s  0.50 iters/s

running (0m50.0s), 09/10 VUs, 16 complete and 0 interrupted iterations
search   [  83% ] 09/10 VUs  0m50.0s/1m0s  0.50 iters/s

running (0m51.0s), 09/10 VUs, 17 complete and 0 interrupted iterations
search   [  85% ] 09/10 VUs  0m51.0s/1m0s  0.50 iters/s

running (0m52.0s), 09/10 VUs, 17 complete and 0 interrupted iterations
search   [  87% ] 09/10 VUs  0m52.0s/1m0s  0.50 iters/s

running (0m53.0s), 10/10 VUs, 17 complete and 0 interrupted iterations
search   [  88% ] 10/10 VUs  0m53.0s/1m0s  0.50 iters/s

running (0m54.0s), 09/10 VUs, 18 complete and 0 interrupted iterations
search   [  90% ] 09/10 VUs  0m54.0s/1m0s  0.50 iters/s

running (0m55.0s), 10/10 VUs, 18 complete and 0 interrupted iterations
search   [  92% ] 10/10 VUs  0m55.0s/1m0s  0.50 iters/s

running (0m56.0s), 09/10 VUs, 19 complete and 0 interrupted iterations
search   [  93% ] 09/10 VUs  0m56.0s/1m0s  0.50 iters/s

running (0m57.0s), 10/10 VUs, 19 complete and 0 interrupted iterations
search   [  95% ] 10/10 VUs  0m57.0s/1m0s  0.50 iters/s

running (0m58.0s), 10/10 VUs, 19 complete and 0 interrupted iterations
search   [  97% ] 10/10 VUs  0m58.0s/1m0s  0.50 iters/s

running (0m59.0s), 09/11 VUs, 20 complete and 0 interrupted iterations
search   [  98% ] 09/11 VUs  0m59.0s/1m0s  0.50 iters/s

running (1m00.0s), 09/11 VUs, 20 complete and 0 interrupted iterations
search   [ 100% ] 09/11 VUs  1m00.0s/1m0s  0.50 iters/s

running (1m01.0s), 10/11 VUs, 20 complete and 0 interrupted iterations
search ↓ [ 100% ] 10/11 VUs  1m0s  0.50 iters/s

running (1m02.0s), 09/11 VUs, 21 complete and 0 interrupted iterations
search ↓ [ 100% ] 10/11 VUs  1m0s  0.50 iters/s

running (1m03.0s), 09/11 VUs, 21 complete and 0 interrupted iterations
search ↓ [ 100% ] 10/11 VUs  1m0s  0.50 iters/s

running (1m04.0s), 09/11 VUs, 21 complete and 0 interrupted iterations
search ↓ [ 100% ] 10/11 VUs  1m0s  0.50 iters/s

running (1m05.0s), 08/11 VUs, 22 complete and 0 interrupted iterations
search ↓ [ 100% ] 10/11 VUs  1m0s  0.50 iters/s

running (1m06.0s), 08/11 VUs, 22 complete and 0 interrupted iterations
search ↓ [ 100% ] 10/11 VUs  1m0s  0.50 iters/s

running (1m07.0s), 08/11 VUs, 22 complete and 0 interrupted iterations
search ↓ [ 100% ] 10/11 VUs  1m0s  0.50 iters/s

running (1m08.0s), 07/11 VUs, 23 complete and 0 interrupted iterations
search ↓ [ 100% ] 10/11 VUs  1m0s  0.50 iters/s

running (1m09.0s), 07/11 VUs, 23 complete and 0 interrupted iterations
search ↓ [ 100% ] 10/11 VUs  1m0s  0.50 iters/s

running (1m10.0s), 07/11 VUs, 23 complete and 0 interrupted iterations
search ↓ [ 100% ] 10/11 VUs  1m0s  0.50 iters/s

running (1m11.0s), 06/11 VUs, 24 complete and 0 interrupted iterations
search ↓ [ 100% ] 10/11 VUs  1m0s  0.50 iters/s

running (1m12.0s), 06/11 VUs, 24 complete and 0 interrupted iterations
search ↓ [ 100% ] 10/11 VUs  1m0s  0.50 iters/s

running (1m13.0s), 06/11 VUs, 24 complete and 0 interrupted iterations
search ↓ [ 100% ] 10/11 VUs  1m0s  0.50 iters/s

running (1m14.0s), 05/11 VUs, 25 complete and 0 interrupted iterations
search ↓ [ 100% ] 10/11 VUs  1m0s  0.50 iters/s

running (1m15.0s), 05/11 VUs, 25 complete and 0 interrupted iterations
search ↓ [ 100% ] 10/11 VUs  1m0s  0.50 iters/s

running (1m16.0s), 04/11 VUs, 26 complete and 0 interrupted iterations
search ↓ [ 100% ] 10/11 VUs  1m0s  0.50 iters/s

running (1m17.0s), 04/11 VUs, 26 complete and 0 interrupted iterations
search ↓ [ 100% ] 10/11 VUs  1m0s  0.50 iters/s

running (1m18.0s), 04/11 VUs, 26 complete and 0 interrupted iterations
search ↓ [ 100% ] 10/11 VUs  1m0s  0.50 iters/s

running (1m19.0s), 03/11 VUs, 27 complete and 0 interrupted iterations
search ↓ [ 100% ] 10/11 VUs  1m0s  0.50 iters/s

running (1m20.0s), 03/11 VUs, 27 complete and 0 interrupted iterations
search ↓ [ 100% ] 10/11 VUs  1m0s  0.50 iters/s

running (1m21.0s), 03/11 VUs, 27 complete and 0 interrupted iterations
search ↓ [ 100% ] 10/11 VUs  1m0s  0.50 iters/s

running (1m22.0s), 02/11 VUs, 28 complete and 0 interrupted iterations
search ↓ [ 100% ] 10/11 VUs  1m0s  0.50 iters/s

running (1m23.0s), 02/11 VUs, 28 complete and 0 interrupted iterations
search ↓ [ 100% ] 10/11 VUs  1m0s  0.50 iters/s

running (1m24.0s), 02/11 VUs, 28 complete and 0 interrupted iterations
search ↓ [ 100% ] 10/11 VUs  1m0s  0.50 iters/s

running (1m25.0s), 01/11 VUs, 29 complete and 0 interrupted iterations
search ↓ [ 100% ] 10/11 VUs  1m0s  0.50 iters/s

running (1m26.0s), 01/11 VUs, 29 complete and 0 interrupted iterations
search ↓ [ 100% ] 10/11 VUs  1m0s  0.50 iters/s

running (1m27.0s), 01/11 VUs, 29 complete and 0 interrupted iterations
search ↓ [ 100% ] 10/11 VUs  1m0s  0.50 iters/s


  █ THRESHOLDS 

    checks{test:load}
    ✓ 'rate>0.90' rate=0.00%

    checks{test:search}
    ✓ 'rate>0.90' rate=100.00%

    checks{test:smoke}
    ✓ 'rate>0.90' rate=0.00%

    checks{test:stream}
    ✓ 'rate>0.90' rate=0.00%

    embedding_ready{test:smoke}
    ✓ 'rate>0.90' rate=0.00%

    http_req_failed{test:load}
    ✓ 'rate<0.01' rate=0.00%

    http_req_failed{test:search}
    ✓ 'rate<0.01' rate=0.00%

    http_req_failed{test:smoke}
    ✓ 'rate<0.01' rate=0.00%

    http_req_failed{test:stream}
    ✓ 'rate<0.01' rate=0.00%


  █ TOTAL RESULTS 

    checks_total.......: 60      0.688527/s
    checks_succeeded...: 100.00% 60 out of 60
    checks_failed......: 0.00%   0 out of 60

    ✓ search 202
    ✓ search done

    CUSTOM
    embedding_ready................: 0.00% 0 out of 0
      { test:smoke }...............: 0.00% 0 out of 0

    HTTP
    http_req_duration..............: avg=4.24ms min=2.93ms med=3.64ms max=32.12ms p(90)=4.79ms p(95)=5.83ms
      { expected_response:true }...: avg=4.24ms min=2.93ms med=3.64ms max=32.12ms p(90)=4.79ms p(95)=5.83ms
    http_req_failed................: 0.00% 0 out of 514
      { test:load }................: 0.00% 0 out of 0
      { test:search }..............: 0.00% 0 out of 514
      { test:smoke }...............: 0.00% 0 out of 0
      { test:stream }..............: 0.00% 0 out of 0
    http_reqs......................: 514   5.898384/s

    EXECUTION
    dropped_iterations.............: 1     0.011475/s
    iteration_duration.............: avg=16.21s min=3.05s  med=16.6s  max=28.13s  p(90)=26.22s p(95)=27.13s
    iterations.....................: 30    0.344264/s
    vus............................: 1     min=1        max=10
    vus_max........................: 11    min=10       max=11

    NETWORK
    data_received..................: 89 kB 1.0 kB/s
    data_sent......................: 65 kB 744 B/s




running (1m27.1s), 00/11 VUs, 30 complete and 0 interrupted iterations
search ✓ [ 100% ] 00/11 VUs  1m0s  0.50 iters/s
==> flushing RQ queue (rq:queue:videos)...
==> queue flushed, next test can start immediately
