docker compose exec -T redis redis-cli DEL rq:queue:videos >/dev/null 2>&1 || true
docker compose run --rm -e K6_PROMETHEUS_RW_SERVER_URL=http://prometheus:9090/api/v1/write k6 run -o experimental-prometheus-rw -e SCENARIO=stress /scripts/script.js
 Container my_ollama  Running
 Container my_redis  Running
 Container miraflix_db  Running
 Container my_backend  Running
 Container miraflix_db  Waiting
 Container miraflix_db  Healthy

         /\      Grafana   /‾‾/  
    /\  /  \     |\  __   /  /   
   /  \/    \    | |/ /  /   ‾‾\ 
  /          \   |   (  |  (‾)  |
 / __________ \  |_|\_\  \_____/ 


     execution: local
        script: /scripts/script.js
        output: Prometheus remote write (http://prometheus:9090/api/v1/write)

     scenarios: (100.00%) 1 scenario, 200 max VUs, 2m30s max duration (incl. graceful stop):
              * stress: Up to 20.00 iterations/s for 2m0s over 4 stages (maxVUs: 50-200, exec: e2eUpload, gracefulStop: 30s)


running (0m01.0s), 000/050 VUs, 0 complete and 0 interrupted iterations
stress   [   1% ] 000/050 VUs  0m01.0s/2m0s  01.02 iters/s

running (0m02.0s), 002/050 VUs, 0 complete and 0 interrupted iterations
stress   [   2% ] 002/050 VUs  0m02.0s/2m0s  01.08 iters/s

running (0m03.0s), 003/050 VUs, 0 complete and 0 interrupted iterations
stress   [   2% ] 003/050 VUs  0m03.0s/2m0s  01.11 iters/s

running (0m04.0s), 004/050 VUs, 0 complete and 0 interrupted iterations
stress   [   3% ] 004/050 VUs  0m04.0s/2m0s  01.14 iters/s

running (0m05.0s), 004/050 VUs, 1 complete and 0 interrupted iterations
stress   [   4% ] 004/050 VUs  0m05.0s/2m0s  01.17 iters/s

running (0m06.0s), 005/050 VUs, 1 complete and 0 interrupted iterations
stress   [   5% ] 005/050 VUs  0m06.0s/2m0s  01.20 iters/s

running (0m07.0s), 006/050 VUs, 1 complete and 0 interrupted iterations
stress   [   6% ] 006/050 VUs  0m07.0s/2m0s  01.22 iters/s

running (0m08.0s), 007/050 VUs, 2 complete and 0 interrupted iterations
stress   [   7% ] 007/050 VUs  0m08.0s/2m0s  01.28 iters/s

running (0m09.0s), 008/050 VUs, 2 complete and 0 interrupted iterations
stress   [   7% ] 008/050 VUs  0m09.0s/2m0s  01.30 iters/s

running (0m10.0s), 008/050 VUs, 3 complete and 0 interrupted iterations
stress   [   8% ] 008/050 VUs  0m10.0s/2m0s  01.33 iters/s

running (0m11.0s), 009/050 VUs, 3 complete and 0 interrupted iterations
stress   [   9% ] 009/050 VUs  0m11.0s/2m0s  01.35 iters/s

running (0m12.0s), 011/050 VUs, 3 complete and 0 interrupted iterations
stress   [  10% ] 011/050 VUs  0m12.0s/2m0s  01.40 iters/s

running (0m13.0s), 011/050 VUs, 4 complete and 0 interrupted iterations
stress   [  11% ] 011/050 VUs  0m13.0s/2m0s  01.43 iters/s

running (0m14.0s), 013/050 VUs, 4 complete and 0 interrupted iterations
stress   [  12% ] 013/050 VUs  0m14.0s/2m0s  01.47 iters/s

running (0m15.0s), 014/050 VUs, 4 complete and 0 interrupted iterations
stress   [  12% ] 014/050 VUs  0m15.0s/2m0s  01.49 iters/s

running (0m16.0s), 015/050 VUs, 5 complete and 0 interrupted iterations
stress   [  13% ] 015/050 VUs  0m16.0s/2m0s  01.54 iters/s

running (0m17.0s), 016/050 VUs, 5 complete and 0 interrupted iterations
stress   [  14% ] 016/050 VUs  0m17.0s/2m0s  01.56 iters/s

running (0m18.0s), 017/050 VUs, 6 complete and 0 interrupted iterations
stress   [  15% ] 017/050 VUs  0m18.0s/2m0s  01.60 iters/s

running (0m19.0s), 018/050 VUs, 6 complete and 0 interrupted iterations
stress   [  16% ] 018/050 VUs  0m19.0s/2m0s  01.62 iters/s

running (0m20.0s), 020/050 VUs, 6 complete and 0 interrupted iterations
stress   [  17% ] 020/050 VUs  0m20.0s/2m0s  01.66 iters/s

running (0m21.0s), 021/050 VUs, 7 complete and 0 interrupted iterations
stress   [  17% ] 021/050 VUs  0m21.0s/2m0s  01.70 iters/s

running (0m22.0s), 023/050 VUs, 7 complete and 0 interrupted iterations
stress   [  18% ] 023/050 VUs  0m22.0s/2m0s  01.74 iters/s

running (0m23.0s), 024/050 VUs, 7 complete and 0 interrupted iterations
stress   [  19% ] 024/050 VUs  0m23.0s/2m0s  01.76 iters/s

running (0m24.0s), 025/050 VUs, 8 complete and 0 interrupted iterations
stress   [  20% ] 025/050 VUs  0m24.0s/2m0s  01.80 iters/s

running (0m25.0s), 027/050 VUs, 8 complete and 0 interrupted iterations
stress   [  21% ] 027/050 VUs  0m25.0s/2m0s  01.83 iters/s

running (0m26.0s), 029/050 VUs, 8 complete and 0 interrupted iterations
stress   [  22% ] 029/050 VUs  0m26.0s/2m0s  01.87 iters/s

running (0m27.0s), 030/050 VUs, 9 complete and 0 interrupted iterations
stress   [  22% ] 030/050 VUs  0m27.0s/2m0s  01.91 iters/s

running (0m28.0s), 032/050 VUs, 9 complete and 0 interrupted iterations
stress   [  23% ] 032/050 VUs  0m28.0s/2m0s  01.94 iters/s

running (0m29.0s), 032/050 VUs, 10 complete and 0 interrupted iterations
stress   [  24% ] 032/050 VUs  0m29.0s/2m0s  01.96 iters/s

running (0m30.0s), 034/050 VUs, 10 complete and 0 interrupted iterations
stress   [  25% ] 034/050 VUs  0m30.0s/2m0s  01.99 iters/s

running (0m31.0s), 037/050 VUs, 10 complete and 0 interrupted iterations
stress   [  26% ] 037/050 VUs  0m31.0s/2m0s  02.12 iters/s

running (0m32.0s), 038/050 VUs, 11 complete and 0 interrupted iterations
stress   [  27% ] 038/050 VUs  0m32.0s/2m0s  02.21 iters/s

running (0m33.0s), 040/050 VUs, 11 complete and 0 interrupted iterations
stress   [  27% ] 040/050 VUs  0m33.0s/2m0s  02.30 iters/s

running (0m34.0s), 042/050 VUs, 11 complete and 0 interrupted iterations
stress   [  28% ] 042/050 VUs  0m34.0s/2m0s  02.39 iters/s

running (0m35.0s), 044/050 VUs, 12 complete and 0 interrupted iterations
stress   [  29% ] 044/050 VUs  0m35.0s/2m0s  02.51 iters/s

running (0m36.0s), 046/050 VUs, 12 complete and 0 interrupted iterations
stress   [  30% ] 046/050 VUs  0m36.0s/2m0s  02.59 iters/s

running (0m37.0s), 049/050 VUs, 12 complete and 0 interrupted iterations
stress   [  31% ] 049/050 VUs  0m37.0s/2m0s  02.70 iters/s

running (0m38.0s), 050/051 VUs, 13 complete and 0 interrupted iterations
stress   [  32% ] 050/051 VUs  0m38.0s/2m0s  02.81 iters/s

running (0m39.0s), 051/052 VUs, 13 complete and 0 interrupted iterations
stress   [  32% ] 051/052 VUs  0m39.0s/2m0s  02.88 iters/s

running (0m40.0s), 052/053 VUs, 14 complete and 0 interrupted iterations
stress   [  33% ] 052/053 VUs  0m40.0s/2m0s  02.98 iters/s

running (0m41.0s), 054/054 VUs, 14 complete and 0 interrupted iterations
stress   [  34% ] 054/054 VUs  0m41.0s/2m0s  03.08 iters/s

running (0m42.0s), 056/056 VUs, 14 complete and 0 interrupted iterations
stress   [  35% ] 056/056 VUs  0m42.0s/2m0s  03.21 iters/s

running (0m43.0s), 057/057 VUs, 15 complete and 0 interrupted iterations
stress   [  36% ] 057/057 VUs  0m43.0s/2m0s  03.30 iters/s

running (0m44.0s), 058/058 VUs, 16 complete and 0 interrupted iterations
stress   [  37% ] 058/058 VUs  0m44.0s/2m0s  03.39 iters/s

running (0m45.0s), 059/059 VUs, 18 complete and 0 interrupted iterations
stress   [  37% ] 059/059 VUs  0m45.0s/2m0s  03.51 iters/s

running (0m46.0s), 060/060 VUs, 19 complete and 0 interrupted iterations
stress   [  38% ] 060/060 VUs  0m46.0s/2m0s  03.59 iters/s

running (0m47.0s), 061/061 VUs, 21 complete and 0 interrupted iterations
stress   [  39% ] 061/061 VUs  0m47.0s/2m0s  03.70 iters/s

running (0m48.0s), 062/062 VUs, 23 complete and 0 interrupted iterations
stress   [  40% ] 062/062 VUs  0m48.0s/2m0s  03.81 iters/s

running (0m49.0s), 063/063 VUs, 24 complete and 0 interrupted iterations
stress   [  41% ] 063/063 VUs  0m49.0s/2m0s  03.89 iters/s

running (0m50.0s), 063/065 VUs, 26 complete and 0 interrupted iterations
stress   [  42% ] 063/065 VUs  0m50.0s/2m0s  03.99 iters/s

running (0m51.0s), 065/066 VUs, 27 complete and 0 interrupted iterations
stress   [  42% ] 065/066 VUs  0m51.0s/2m0s  04.09 iters/s

running (0m52.0s), 067/067 VUs, 29 complete and 0 interrupted iterations
stress   [  43% ] 067/067 VUs  0m52.0s/2m0s  04.21 iters/s

running (0m53.0s), 068/068 VUs, 31 complete and 0 interrupted iterations
stress   [  44% ] 068/068 VUs  0m53.0s/2m0s  04.30 iters/s

running (0m54.0s), 068/070 VUs, 33 complete and 0 interrupted iterations
stress   [  45% ] 068/070 VUs  0m54.0s/2m0s  04.39 iters/s

running (0m55.0s), 070/071 VUs, 35 complete and 0 interrupted iterations
stress   [  46% ] 070/071 VUs  0m55.0s/2m0s  04.51 iters/s

running (0m56.0s), 072/072 VUs, 36 complete and 0 interrupted iterations
stress   [  47% ] 072/072 VUs  0m56.0s/2m0s  04.59 iters/s

running (0m57.0s), 073/074 VUs, 38 complete and 0 interrupted iterations
stress   [  47% ] 073/074 VUs  0m57.0s/2m0s  04.70 iters/s

running (0m58.0s), 075/075 VUs, 40 complete and 0 interrupted iterations
stress   [  48% ] 075/075 VUs  0m58.0s/2m0s  04.81 iters/s

running (0m59.0s), 076/076 VUs, 42 complete and 0 interrupted iterations
stress   [  49% ] 076/076 VUs  0m59.0s/2m0s  04.89 iters/s

running (1m00.0s), 077/078 VUs, 44 complete and 0 interrupted iterations
stress   [  50% ] 077/078 VUs  1m00.0s/2m0s  04.99 iters/s

running (1m01.0s), 079/079 VUs, 46 complete and 0 interrupted iterations
stress   [  51% ] 079/079 VUs  1m01.0s/2m0s  05.15 iters/s

running (1m02.0s), 081/081 VUs, 48 complete and 0 interrupted iterations
stress   [  52% ] 081/081 VUs  1m02.0s/2m0s  05.34 iters/s

running (1m03.0s), 081/083 VUs, 51 complete and 0 interrupted iterations
stress   [  52% ] 081/083 VUs  1m03.0s/2m0s  05.49 iters/s

running (1m04.0s), 084/084 VUs, 53 complete and 0 interrupted iterations
stress   [  53% ] 084/084 VUs  1m04.0s/2m0s  05.67 iters/s

running (1m05.0s), 085/086 VUs, 55 complete and 0 interrupted iterations
stress   [  54% ] 085/086 VUs  1m05.0s/2m0s  05.82 iters/s

running (1m06.0s), 086/088 VUs, 58 complete and 0 interrupted iterations
stress   [  55% ] 086/088 VUs  1m06.0s/2m0s  05.99 iters/s

running (1m07.0s), 089/089 VUs, 60 complete and 0 interrupted iterations
stress   [  56% ] 089/089 VUs  1m07.0s/2m0s  06.15 iters/s

running (1m08.0s), 091/091 VUs, 63 complete and 0 interrupted iterations
stress   [  57% ] 091/091 VUs  1m08.0s/2m0s  06.34 iters/s

running (1m09.0s), 093/094 VUs, 64 complete and 0 interrupted iterations
stress   [  57% ] 093/094 VUs  1m09.0s/2m0s  06.49 iters/s

running (1m10.0s), 096/096 VUs, 66 complete and 0 interrupted iterations
stress   [  58% ] 096/096 VUs  1m10.0s/2m0s  06.67 iters/s

running (1m11.0s), 098/098 VUs, 68 complete and 0 interrupted iterations
stress   [  59% ] 098/098 VUs  1m11.0s/2m0s  06.82 iters/s

running (1m12.0s), 101/101 VUs, 69 complete and 0 interrupted iterations
stress   [  60% ] 101/101 VUs  1m12.0s/2m0s  06.99 iters/s

running (1m13.0s), 103/104 VUs, 71 complete and 0 interrupted iterations
stress   [  61% ] 103/104 VUs  1m13.0s/2m0s  07.15 iters/s

running (1m14.0s), 106/106 VUs, 74 complete and 0 interrupted iterations
stress   [  62% ] 106/106 VUs  1m14.0s/2m0s  07.34 iters/s

running (1m15.0s), 108/109 VUs, 76 complete and 0 interrupted iterations
stress   [  62% ] 108/109 VUs  1m15.0s/2m0s  07.49 iters/s

running (1m16.0s), 110/112 VUs, 79 complete and 0 interrupted iterations
stress   [  63% ] 110/112 VUs  1m16.0s/2m0s  07.67 iters/s

running (1m17.0s), 113/114 VUs, 81 complete and 0 interrupted iterations
stress   [  64% ] 113/114 VUs  1m17.0s/2m0s  07.82 iters/s

running (1m18.0s), 116/117 VUs, 83 complete and 0 interrupted iterations
stress   [  65% ] 116/117 VUs  1m18.0s/2m0s  07.99 iters/s

running (1m19.0s), 119/119 VUs, 86 complete and 0 interrupted iterations
stress   [  66% ] 119/119 VUs  1m19.0s/2m0s  08.15 iters/s

running (1m20.0s), 123/123 VUs, 87 complete and 0 interrupted iterations
stress   [  67% ] 123/123 VUs  1m20.0s/2m0s  08.34 iters/s

running (1m21.0s), 127/127 VUs, 87 complete and 0 interrupted iterations
stress   [  67% ] 127/127 VUs  1m21.0s/2m0s  08.50 iters/s

running (1m22.0s), 131/132 VUs, 87 complete and 0 interrupted iterations
stress   [  68% ] 131/132 VUs  1m22.0s/2m0s  08.67 iters/s

running (1m23.0s), 135/136 VUs, 87 complete and 0 interrupted iterations
stress   [  69% ] 135/136 VUs  1m23.0s/2m0s  08.82 iters/s

running (1m24.0s), 140/140 VUs, 87 complete and 0 interrupted iterations
stress   [  70% ] 140/140 VUs  1m24.0s/2m0s  08.99 iters/s

running (1m25.0s), 144/145 VUs, 87 complete and 0 interrupted iterations
stress   [  71% ] 144/145 VUs  1m25.0s/2m0s  09.16 iters/s

running (1m26.0s), 149/150 VUs, 87 complete and 0 interrupted iterations
stress   [  72% ] 149/150 VUs  1m26.0s/2m0s  09.34 iters/s

running (1m27.0s), 154/154 VUs, 87 complete and 0 interrupted iterations
stress   [  72% ] 154/154 VUs  1m27.0s/2m0s  09.50 iters/s

running (1m28.0s), 159/159 VUs, 87 complete and 0 interrupted iterations
stress   [  73% ] 159/159 VUs  1m28.0s/2m0s  09.67 iters/s

running (1m29.0s), 163/164 VUs, 87 complete and 0 interrupted iterations
stress   [  74% ] 163/164 VUs  1m29.0s/2m0s  09.82 iters/s

running (1m30.0s), 168/169 VUs, 87 complete and 0 interrupted iterations
stress   [  75% ] 168/169 VUs  1m30.0s/2m0s  09.99 iters/s

running (1m31.0s), 173/174 VUs, 87 complete and 0 interrupted iterations
stress   [  76% ] 173/174 VUs  1m31.0s/2m0s  10.31 iters/s

running (1m32.0s), 179/179 VUs, 87 complete and 0 interrupted iterations
stress   [  77% ] 179/179 VUs  1m32.0s/2m0s  10.66 iters/s

running (1m33.0s), 184/185 VUs, 87 complete and 0 interrupted iterations
stress   [  77% ] 184/185 VUs  1m33.0s/2m0s  11.00 iters/s

running (1m34.0s), 190/190 VUs, 87 complete and 0 interrupted iterations
stress   [  78% ] 190/190 VUs  1m34.0s/2m0s  11.33 iters/s

running (1m35.0s), 195/196 VUs, 87 complete and 0 interrupted iterations
stress   [  79% ] 195/196 VUs  1m35.0s/2m0s  11.65 iters/s
time="2026-08-19T19:53:34Z" level=warning msg="Insufficient VUs, reached 200 active VUs and cannot initialize more" executor=ramping-arrival-rate scenario=stress

running (1m36.0s), 200/200 VUs, 87 complete and 0 interrupted iterations
stress   [  80% ] 200/200 VUs  1m36.0s/2m0s  11.99 iters/s

running (1m37.0s), 200/200 VUs, 87 complete and 0 interrupted iterations
stress   [  81% ] 200/200 VUs  1m37.0s/2m0s  12.32 iters/s

running (1m38.0s), 200/200 VUs, 87 complete and 0 interrupted iterations
stress   [  82% ] 200/200 VUs  1m38.0s/2m0s  12.66 iters/s

running (1m39.0s), 200/200 VUs, 87 complete and 0 interrupted iterations
stress   [  82% ] 200/200 VUs  1m39.0s/2m0s  13.00 iters/s

running (1m40.0s), 200/200 VUs, 87 complete and 0 interrupted iterations
stress   [  83% ] 200/200 VUs  1m40.0s/2m0s  13.33 iters/s

running (1m41.0s), 200/200 VUs, 87 complete and 0 interrupted iterations
stress   [  84% ] 200/200 VUs  1m41.0s/2m0s  13.65 iters/s

running (1m42.0s), 200/200 VUs, 87 complete and 0 interrupted iterations
stress   [  85% ] 200/200 VUs  1m42.0s/2m0s  13.99 iters/s

running (1m43.0s), 200/200 VUs, 87 complete and 0 interrupted iterations
stress   [  86% ] 200/200 VUs  1m43.0s/2m0s  14.32 iters/s

running (1m44.0s), 200/200 VUs, 87 complete and 0 interrupted iterations
stress   [  87% ] 200/200 VUs  1m44.0s/2m0s  14.66 iters/s

running (1m45.0s), 200/200 VUs, 87 complete and 0 interrupted iterations
stress   [  87% ] 200/200 VUs  1m45.0s/2m0s  15.00 iters/s

running (1m46.0s), 200/200 VUs, 87 complete and 0 interrupted iterations
stress   [  88% ] 200/200 VUs  1m46.0s/2m0s  15.33 iters/s

running (1m47.0s), 200/200 VUs, 87 complete and 0 interrupted iterations
stress   [  89% ] 200/200 VUs  1m47.0s/2m0s  15.65 iters/s

running (1m48.0s), 200/200 VUs, 87 complete and 0 interrupted iterations
stress   [  90% ] 200/200 VUs  1m48.0s/2m0s  15.99 iters/s

running (1m49.0s), 200/200 VUs, 87 complete and 0 interrupted iterations
stress   [  91% ] 200/200 VUs  1m49.0s/2m0s  16.32 iters/s

running (1m50.0s), 200/200 VUs, 87 complete and 0 interrupted iterations
stress   [  92% ] 200/200 VUs  1m50.0s/2m0s  16.66 iters/s

running (1m51.0s), 200/200 VUs, 87 complete and 0 interrupted iterations
stress   [  92% ] 200/200 VUs  1m51.0s/2m0s  17.00 iters/s

running (1m52.0s), 200/200 VUs, 87 complete and 0 interrupted iterations
stress   [  93% ] 200/200 VUs  1m52.0s/2m0s  17.33 iters/s

running (1m53.0s), 200/200 VUs, 87 complete and 0 interrupted iterations
stress   [  94% ] 200/200 VUs  1m53.0s/2m0s  17.65 iters/s

running (1m54.0s), 200/200 VUs, 87 complete and 0 interrupted iterations
stress   [  95% ] 200/200 VUs  1m54.0s/2m0s  17.99 iters/s

running (1m55.0s), 200/200 VUs, 87 complete and 0 interrupted iterations
stress   [  96% ] 200/200 VUs  1m55.0s/2m0s  18.32 iters/s

running (1m56.0s), 200/200 VUs, 87 complete and 0 interrupted iterations
stress   [  97% ] 200/200 VUs  1m56.0s/2m0s  18.66 iters/s

running (1m57.0s), 200/200 VUs, 87 complete and 0 interrupted iterations
stress   [  97% ] 200/200 VUs  1m57.0s/2m0s  19.00 iters/s

running (1m58.0s), 200/200 VUs, 87 complete and 0 interrupted iterations
stress   [  98% ] 200/200 VUs  1m58.0s/2m0s  19.33 iters/s

running (1m59.0s), 200/200 VUs, 87 complete and 0 interrupted iterations
stress   [  99% ] 200/200 VUs  1m59.0s/2m0s  19.66 iters/s

running (2m00.0s), 200/200 VUs, 87 complete and 0 interrupted iterations
stress   [ 100% ] 200/200 VUs  2m00.0s/2m0s  19.99 iters/s

running (2m01.0s), 200/200 VUs, 87 complete and 0 interrupted iterations
stress ↓ [ 100% ] 200/200 VUs  2m0s  19.99 iters/s

running (2m02.0s), 200/200 VUs, 87 complete and 0 interrupted iterations
stress ↓ [ 100% ] 200/200 VUs  2m0s  19.99 iters/s

running (2m03.0s), 200/200 VUs, 87 complete and 0 interrupted iterations
stress ↓ [ 100% ] 200/200 VUs  2m0s  19.99 iters/s

running (2m04.0s), 200/200 VUs, 87 complete and 0 interrupted iterations
stress ↓ [ 100% ] 200/200 VUs  2m0s  19.99 iters/s

running (2m05.0s), 200/200 VUs, 87 complete and 0 interrupted iterations
stress ↓ [ 100% ] 200/200 VUs  2m0s  19.99 iters/s

running (2m06.0s), 200/200 VUs, 87 complete and 0 interrupted iterations
stress ↓ [ 100% ] 200/200 VUs  2m0s  19.99 iters/s

running (2m07.0s), 200/200 VUs, 87 complete and 0 interrupted iterations
stress ↓ [ 100% ] 200/200 VUs  2m0s  19.99 iters/s

running (2m08.0s), 200/200 VUs, 87 complete and 0 interrupted iterations
stress ↓ [ 100% ] 200/200 VUs  2m0s  19.99 iters/s

running (2m09.0s), 200/200 VUs, 87 complete and 0 interrupted iterations
stress ↓ [ 100% ] 200/200 VUs  2m0s  19.99 iters/s

running (2m10.0s), 200/200 VUs, 87 complete and 0 interrupted iterations
stress ↓ [ 100% ] 200/200 VUs  2m0s  19.99 iters/s

running (2m11.0s), 200/200 VUs, 87 complete and 0 interrupted iterations
stress ↓ [ 100% ] 200/200 VUs  2m0s  19.99 iters/s

running (2m12.0s), 200/200 VUs, 87 complete and 0 interrupted iterations
stress ↓ [ 100% ] 200/200 VUs  2m0s  19.99 iters/s

running (2m13.0s), 200/200 VUs, 87 complete and 0 interrupted iterations
stress ↓ [ 100% ] 200/200 VUs  2m0s  19.99 iters/s

running (2m14.0s), 200/200 VUs, 87 complete and 0 interrupted iterations
stress ↓ [ 100% ] 200/200 VUs  2m0s  19.99 iters/s

running (2m15.0s), 200/200 VUs, 87 complete and 0 interrupted iterations
stress ↓ [ 100% ] 200/200 VUs  2m0s  19.99 iters/s

running (2m16.0s), 200/200 VUs, 87 complete and 0 interrupted iterations
stress ↓ [ 100% ] 200/200 VUs  2m0s  19.99 iters/s

running (2m17.0s), 200/200 VUs, 87 complete and 0 interrupted iterations
stress ↓ [ 100% ] 200/200 VUs  2m0s  19.99 iters/s

running (2m18.0s), 200/200 VUs, 87 complete and 0 interrupted iterations
stress ↓ [ 100% ] 200/200 VUs  2m0s  19.99 iters/s

running (2m19.0s), 200/200 VUs, 87 complete and 0 interrupted iterations
stress ↓ [ 100% ] 200/200 VUs  2m0s  19.99 iters/s
time="2026-08-19T19:54:17Z" level=warning msg="Request Failed" error="Post \"http://backend:8000/uploads/video/\": request timeout"
time="2026-08-19T19:54:17Z" level=warning msg="Request Failed" error="Post \"http://backend:8000/uploads/video/\": request timeout"
time="2026-08-19T19:54:17Z" level=warning msg="Request Failed" error="Get \"http://backend:8000/videos/14082\": request timeout"
time="2026-08-19T19:54:17Z" level=warning msg="Request Failed" error="Get \"http://backend:8000/videos/14116\": request timeout"
time="2026-08-19T19:54:17Z" level=warning msg="Request Failed" error="Get \"http://backend:8000/videos/14172\": request timeout"
time="2026-08-19T19:54:17Z" level=warning msg="Request Failed" error="Get \"http://backend:8000/videos/14112\": request timeout"
time="2026-08-19T19:54:17Z" level=warning msg="Request Failed" error="Get \"http://backend:8000/videos/14086\": request timeout"
time="2026-08-19T19:54:17Z" level=warning msg="Request Failed" error="Get \"http://backend:8000/videos/14151\": request timeout"
time="2026-08-19T19:54:17Z" level=warning msg="Request Failed" error="Get \"http://backend:8000/videos/14076\": request timeout"
time="2026-08-19T19:54:17Z" level=warning msg="Request Failed" error="Get \"http://backend:8000/videos/14096\": request timeout"
time="2026-08-19T19:54:17Z" level=warning msg="Request Failed" error="Get \"http://backend:8000/videos/14161\": request timeout"
time="2026-08-19T19:54:17Z" level=warning msg="Request Failed" error="Get \"http://backend:8000/videos/14133\": request timeout"
time="2026-08-19T19:54:17Z" level=warning msg="Request Failed" error="Get \"http://backend:8000/videos/14093\": request timeout"
time="2026-08-19T19:54:17Z" level=warning msg="Request Failed" error="Get \"http://backend:8000/videos/14089\": request timeout"
time="2026-08-19T19:54:17Z" level=warning msg="Request Failed" error="Get \"http://backend:8000/videos/14104\": request timeout"
time="2026-08-19T19:54:17Z" level=warning msg="Request Failed" error="Get \"http://backend:8000/videos/14067\": request timeout"
time="2026-08-19T19:54:17Z" level=warning msg="Request Failed" error="Get \"http://backend:8000/videos/14125\": request timeout"
time="2026-08-19T19:54:17Z" level=warning msg="Request Failed" error="Get \"http://backend:8000/videos/14142\": request timeout"
time="2026-08-19T19:54:17Z" level=warning msg="Request Failed" error="Get \"http://backend:8000/videos/14108\": request timeout"
time="2026-08-19T19:54:17Z" level=warning msg="Request Failed" error="Get \"http://backend:8000/videos/14064\": request timeout"
time="2026-08-19T19:54:17Z" level=warning msg="Request Failed" error="Get \"http://backend:8000/videos/14079\": request timeout"
time="2026-08-19T19:54:17Z" level=warning msg="Request Failed" error="Get \"http://backend:8000/videos/14167\": request timeout"
time="2026-08-19T19:54:17Z" level=warning msg="Request Failed" error="Get \"http://backend:8000/videos/14061\": request timeout"
time="2026-08-19T19:54:17Z" level=warning msg="Request Failed" error="Get \"http://backend:8000/videos/14058\": request timeout"
time="2026-08-19T19:54:17Z" level=warning msg="Request Failed" error="Get \"http://backend:8000/videos/14152\": request timeout"
time="2026-08-19T19:54:17Z" level=warning msg="Request Failed" error="Get \"http://backend:8000/videos/14121\": request timeout"
time="2026-08-19T19:54:17Z" level=warning msg="Request Failed" error="Get \"http://backend:8000/videos/14073\": request timeout"
time="2026-08-19T19:54:17Z" level=warning msg="Request Failed" error="Get \"http://backend:8000/videos/14129\": request timeout"
time="2026-08-19T19:54:17Z" level=warning msg="Request Failed" error="Get \"http://backend:8000/videos/14117\": request timeout"
time="2026-08-19T19:54:17Z" level=warning msg="Request Failed" error="Get \"http://backend:8000/videos/14083\": request timeout"
time="2026-08-19T19:54:17Z" level=warning msg="Request Failed" error="Get \"http://backend:8000/videos/14147\": request timeout"
time="2026-08-19T19:54:17Z" level=warning msg="Request Failed" error="Get \"http://backend:8000/videos/14157\": request timeout"
time="2026-08-19T19:54:17Z" level=warning msg="Request Failed" error="Get \"http://backend:8000/videos/14097\": request timeout"
time="2026-08-19T19:54:17Z" level=warning msg="Request Failed" error="Get \"http://backend:8000/videos/14134\": request timeout"
time="2026-08-19T19:54:17Z" level=warning msg="Request Failed" error="Post \"http://backend:8000/uploads/video/\": request timeout"
time="2026-08-19T19:54:18Z" level=warning msg="Request Failed" error="Get \"http://backend:8000/videos/14138\": request timeout"
time="2026-08-19T19:54:18Z" level=warning msg="Request Failed" error="Get \"http://backend:8000/videos/14105\": request timeout"
time="2026-08-19T19:54:18Z" level=warning msg="Request Failed" error="Get \"http://backend:8000/videos/14070\": request timeout"
time="2026-08-19T19:54:18Z" level=warning msg="Request Failed" error="Get \"http://backend:8000/videos/14090\": request timeout"
time="2026-08-19T19:54:18Z" level=warning msg="Request Failed" error="Get \"http://backend:8000/videos/14173\": request timeout"
time="2026-08-19T19:54:18Z" level=warning msg="Request Failed" error="Get \"http://backend:8000/videos/14162\": request timeout"
time="2026-08-19T19:54:18Z" level=warning msg="Request Failed" error="Get \"http://backend:8000/videos/14122\": request timeout"
time="2026-08-19T19:54:18Z" level=warning msg="Request Failed" error="Get \"http://backend:8000/videos/14109\": request timeout"
time="2026-08-19T19:54:18Z" level=warning msg="Request Failed" error="Get \"http://backend:8000/videos/14130\": request timeout"
time="2026-08-19T19:54:18Z" level=warning msg="Request Failed" error="Get \"http://backend:8000/videos/14113\": request timeout"
time="2026-08-19T19:54:18Z" level=warning msg="Request Failed" error="Get \"http://backend:8000/videos/14080\": request timeout"
time="2026-08-19T19:54:18Z" level=warning msg="Request Failed" error="Get \"http://backend:8000/videos/14168\": request timeout"
time="2026-08-19T19:54:18Z" level=warning msg="Request Failed" error="Get \"http://backend:8000/videos/14062\": request timeout"
time="2026-08-19T19:54:18Z" level=warning msg="Request Failed" error="Get \"http://backend:8000/videos/14143\": request timeout"
time="2026-08-19T19:54:18Z" level=warning msg="Request Failed" error="Get \"http://backend:8000/videos/14101\": request timeout"
time="2026-08-19T19:54:18Z" level=warning msg="Request Failed" error="Get \"http://backend:8000/videos/14074\": request timeout"
time="2026-08-19T19:54:18Z" level=warning msg="Request Failed" error="Post \"http://backend:8000/uploads/video/\": request timeout"
time="2026-08-19T19:54:18Z" level=warning msg="Request Failed" error="Get \"http://backend:8000/videos/14139\": request timeout"
time="2026-08-19T19:54:18Z" level=warning msg="Request Failed" error="Get \"http://backend:8000/videos/14174\": request timeout"
time="2026-08-19T19:54:18Z" level=warning msg="Request Failed" error="Get \"http://backend:8000/videos/14158\": request timeout"
time="2026-08-19T19:54:18Z" level=warning msg="Request Failed" error="Get \"http://backend:8000/videos/14126\": request timeout"
time="2026-08-19T19:54:18Z" level=warning msg="Request Failed" error="Get \"http://backend:8000/videos/14094\": request timeout"
time="2026-08-19T19:54:18Z" level=warning msg="Request Failed" error="Get \"http://backend:8000/videos/14087\": request timeout"
time="2026-08-19T19:54:18Z" level=warning msg="Request Failed" error="Get \"http://backend:8000/videos/14059\": request timeout"
time="2026-08-19T19:54:18Z" level=warning msg="Request Failed" error="Get \"http://backend:8000/videos/14153\": request timeout"
time="2026-08-19T19:54:18Z" level=warning msg="Request Failed" error="Get \"http://backend:8000/videos/14148\": request timeout"
time="2026-08-19T19:54:18Z" level=warning msg="Request Failed" error="Get \"http://backend:8000/videos/14163\": request timeout"
time="2026-08-19T19:54:18Z" level=warning msg="Request Failed" error="Get \"http://backend:8000/videos/14077\": request timeout"
time="2026-08-19T19:54:18Z" level=warning msg="Request Failed" error="Get \"http://backend:8000/videos/14114\": request timeout"
time="2026-08-19T19:54:18Z" level=warning msg="Request Failed" error="Get \"http://backend:8000/videos/14110\": request timeout"
time="2026-08-19T19:54:18Z" level=warning msg="Request Failed" error="Get \"http://backend:8000/videos/14071\": request timeout"
time="2026-08-19T19:54:18Z" level=warning msg="Request Failed" error="Get \"http://backend:8000/videos/14102\": request timeout"
time="2026-08-19T19:54:18Z" level=warning msg="Request Failed" error="Get \"http://backend:8000/videos/14118\": request timeout"
time="2026-08-19T19:54:18Z" level=warning msg="Request Failed" error="Get \"http://backend:8000/videos/14068\": request timeout"
time="2026-08-19T19:54:18Z" level=warning msg="Request Failed" error="Get \"http://backend:8000/videos/14127\": request timeout"
time="2026-08-19T19:54:18Z" level=warning msg="Request Failed" error="Get \"http://backend:8000/videos/14081\": request timeout"
time="2026-08-19T19:54:18Z" level=warning msg="Request Failed" error="Get \"http://backend:8000/videos/14135\": request timeout"
time="2026-08-19T19:54:18Z" level=warning msg="Request Failed" error="Get \"http://backend:8000/videos/14149\": request timeout"
time="2026-08-19T19:54:18Z" level=warning msg="Request Failed" error="Get \"http://backend:8000/videos/14106\": request timeout"
time="2026-08-19T19:54:18Z" level=warning msg="Request Failed" error="Get \"http://backend:8000/videos/14159\": request timeout"
time="2026-08-19T19:54:18Z" level=warning msg="Request Failed" error="Get \"http://backend:8000/videos/14131\": request timeout"
time="2026-08-19T19:54:18Z" level=warning msg="Request Failed" error="Get \"http://backend:8000/videos/14144\": request timeout"
time="2026-08-19T19:54:18Z" level=warning msg="Request Failed" error="Post \"http://backend:8000/uploads/video/\": request timeout"

running (2m20.0s), 195/200 VUs, 92 complete and 0 interrupted iterations
stress ↓ [ 100% ] 200/200 VUs  2m0s  19.99 iters/s
time="2026-08-19T19:54:18Z" level=warning msg="Request Failed" error="Get \"http://backend:8000/videos/14098\": request timeout"
time="2026-08-19T19:54:18Z" level=warning msg="Request Failed" error="Get \"http://backend:8000/videos/14164\": request timeout"
time="2026-08-19T19:54:18Z" level=warning msg="Request Failed" error="Get \"http://backend:8000/videos/14065\": request timeout"
time="2026-08-19T19:54:18Z" level=warning msg="Request Failed" error="Get \"http://backend:8000/videos/14123\": request timeout"
time="2026-08-19T19:54:18Z" level=warning msg="Request Failed" error="Get \"http://backend:8000/videos/14095\": request timeout"
time="2026-08-19T19:54:18Z" level=warning msg="Request Failed" error="Get \"http://backend:8000/videos/14091\": request timeout"
time="2026-08-19T19:54:18Z" level=warning msg="Request Failed" error="Get \"http://backend:8000/videos/14136\": request timeout"
time="2026-08-19T19:54:18Z" level=warning msg="Request Failed" error="Get \"http://backend:8000/videos/14084\": request timeout"
time="2026-08-19T19:54:18Z" level=warning msg="Request Failed" error="Get \"http://backend:8000/videos/14088\": request timeout"
time="2026-08-19T19:54:18Z" level=warning msg="Request Failed" error="Get \"http://backend:8000/videos/14078\": request timeout"
time="2026-08-19T19:54:18Z" level=warning msg="Request Failed" error="Get \"http://backend:8000/videos/14154\": request timeout"
time="2026-08-19T19:54:18Z" level=warning msg="Request Failed" error="Get \"http://backend:8000/videos/14119\": request timeout"
time="2026-08-19T19:54:18Z" level=warning msg="Request Failed" error="Get \"http://backend:8000/videos/14124\": request timeout"
time="2026-08-19T19:54:18Z" level=warning msg="Request Failed" error="Get \"http://backend:8000/videos/14175\": request timeout"
time="2026-08-19T19:54:18Z" level=warning msg="Request Failed" error="Get \"http://backend:8000/videos/14132\": request timeout"
time="2026-08-19T19:54:18Z" level=warning msg="Request Failed" error="Get \"http://backend:8000/videos/14150\": request timeout"
time="2026-08-19T19:54:18Z" level=warning msg="Request Failed" error="Get \"http://backend:8000/videos/14165\": request timeout"
time="2026-08-19T19:54:18Z" level=warning msg="Request Failed" error="Get \"http://backend:8000/videos/14099\": request timeout"
time="2026-08-19T19:54:18Z" level=warning msg="Request Failed" error="Get \"http://backend:8000/videos/14140\": request timeout"
time="2026-08-19T19:54:18Z" level=warning msg="Request Failed" error="Get \"http://backend:8000/videos/14069\": request timeout"
time="2026-08-19T19:54:18Z" level=warning msg="Request Failed" error="Get \"http://backend:8000/videos/14145\": request timeout"
time="2026-08-19T19:54:18Z" level=warning msg="Request Failed" error="Get \"http://backend:8000/videos/14170\": request timeout"
time="2026-08-19T19:54:18Z" level=warning msg="Request Failed" error="Get \"http://backend:8000/videos/14085\": request timeout"
time="2026-08-19T19:54:18Z" level=warning msg="Request Failed" error="Get \"http://backend:8000/videos/14107\": request timeout"
time="2026-08-19T19:54:18Z" level=warning msg="Request Failed" error="Get \"http://backend:8000/videos/14075\": request timeout"
time="2026-08-19T19:54:18Z" level=warning msg="Request Failed" error="Post \"http://backend:8000/uploads/video/\": request timeout"
time="2026-08-19T19:54:18Z" level=warning msg="Request Failed" error="Get \"http://backend:8000/videos/14155\": request timeout"
time="2026-08-19T19:54:18Z" level=warning msg="Request Failed" error="Get \"http://backend:8000/videos/14066\": request timeout"
time="2026-08-19T19:54:18Z" level=warning msg="Request Failed" error="Get \"http://backend:8000/videos/14169\": request timeout"
time="2026-08-19T19:54:18Z" level=warning msg="Request Failed" error="Get \"http://backend:8000/videos/14111\": request timeout"
time="2026-08-19T19:54:18Z" level=warning msg="Request Failed" error="Get \"http://backend:8000/videos/14115\": request timeout"
time="2026-08-19T19:54:18Z" level=warning msg="Request Failed" error="Get \"http://backend:8000/videos/14128\": request timeout"
time="2026-08-19T19:54:18Z" level=warning msg="Request Failed" error="Get \"http://backend:8000/videos/14092\": request timeout"
time="2026-08-19T19:54:18Z" level=warning msg="Request Failed" error="Get \"http://backend:8000/videos/14100\": request timeout"
time="2026-08-19T19:54:18Z" level=warning msg="Request Failed" error="Get \"http://backend:8000/videos/14160\": request timeout"
time="2026-08-19T19:54:18Z" level=warning msg="Request Failed" error="Get \"http://backend:8000/videos/14063\": request timeout"
time="2026-08-19T19:54:18Z" level=warning msg="Request Failed" error="Get \"http://backend:8000/videos/14146\": request timeout"
time="2026-08-19T19:54:18Z" level=warning msg="Request Failed" error="Get \"http://backend:8000/videos/14171\": request timeout"
time="2026-08-19T19:54:18Z" level=warning msg="Request Failed" error="Get \"http://backend:8000/videos/14137\": request timeout"
time="2026-08-19T19:54:18Z" level=warning msg="Request Failed" error="Get \"http://backend:8000/videos/14072\": request timeout"
time="2026-08-19T19:54:18Z" level=warning msg="Request Failed" error="Get \"http://backend:8000/videos/14060\": request timeout"
time="2026-08-19T19:54:18Z" level=warning msg="Request Failed" error="Get \"http://backend:8000/videos/14141\": request timeout"
time="2026-08-19T19:54:18Z" level=warning msg="Request Failed" error="Get \"http://backend:8000/videos/14166\": request timeout"
time="2026-08-19T19:54:18Z" level=warning msg="Request Failed" error="Get \"http://backend:8000/videos/14156\": request timeout"
time="2026-08-19T19:54:18Z" level=warning msg="Request Failed" error="Post \"http://backend:8000/uploads/video/\": request timeout"
time="2026-08-19T19:54:18Z" level=warning msg="Request Failed" error="Get \"http://backend:8000/videos/14120\": request timeout"
time="2026-08-19T19:54:18Z" level=warning msg="Request Failed" error="Get \"http://backend:8000/videos/14103\": request timeout"
time="2026-08-19T19:54:19Z" level=warning msg="Request Failed" error="Post \"http://backend:8000/uploads/video/\": request timeout"
time="2026-08-19T19:54:19Z" level=warning msg="Request Failed" error="Post \"http://backend:8000/uploads/video/\": request timeout"

running (2m21.0s), 191/200 VUs, 96 complete and 0 interrupted iterations
stress ↓ [ 100% ] 200/200 VUs  2m0s  19.99 iters/s
time="2026-08-19T19:54:19Z" level=warning msg="Request Failed" error="Post \"http://backend:8000/uploads/video/\": request timeout"
time="2026-08-19T19:54:19Z" level=warning msg="Request Failed" error="Post \"http://backend:8000/uploads/video/\": request timeout"
time="2026-08-19T19:54:20Z" level=warning msg="Request Failed" error="Post \"http://backend:8000/uploads/video/\": request timeout"
time="2026-08-19T19:54:20Z" level=warning msg="Request Failed" error="Post \"http://backend:8000/uploads/video/\": request timeout"

running (2m22.0s), 187/200 VUs, 100 complete and 0 interrupted iterations
stress ↓ [ 100% ] 200/200 VUs  2m0s  19.99 iters/s
time="2026-08-19T19:54:20Z" level=warning msg="Request Failed" error="Post \"http://backend:8000/uploads/video/\": request timeout"
time="2026-08-19T19:54:20Z" level=warning msg="Request Failed" error="Post \"http://backend:8000/uploads/video/\": request timeout"
time="2026-08-19T19:54:21Z" level=warning msg="Request Failed" error="Post \"http://backend:8000/uploads/video/\": request timeout"
time="2026-08-19T19:54:21Z" level=warning msg="Request Failed" error="Post \"http://backend:8000/uploads/video/\": request timeout"

running (2m23.0s), 183/200 VUs, 104 complete and 0 interrupted iterations
stress ↓ [ 100% ] 200/200 VUs  2m0s  19.99 iters/s
time="2026-08-19T19:54:21Z" level=warning msg="Request Failed" error="Post \"http://backend:8000/uploads/video/\": request timeout"
time="2026-08-19T19:54:21Z" level=warning msg="Request Failed" error="Post \"http://backend:8000/uploads/video/\": request timeout"
time="2026-08-19T19:54:21Z" level=warning msg="Request Failed" error="Post \"http://backend:8000/uploads/video/\": request timeout"
time="2026-08-19T19:54:22Z" level=warning msg="Request Failed" error="Post \"http://backend:8000/uploads/video/\": request timeout"
time="2026-08-19T19:54:22Z" level=warning msg="Request Failed" error="Post \"http://backend:8000/uploads/video/\": request timeout"

running (2m24.0s), 178/200 VUs, 109 complete and 0 interrupted iterations
stress ↓ [ 100% ] 200/200 VUs  2m0s  19.99 iters/s
time="2026-08-19T19:54:22Z" level=warning msg="Request Failed" error="Post \"http://backend:8000/uploads/video/\": request timeout"
time="2026-08-19T19:54:22Z" level=warning msg="Request Failed" error="Post \"http://backend:8000/uploads/video/\": request timeout"
time="2026-08-19T19:54:23Z" level=warning msg="Request Failed" error="Post \"http://backend:8000/uploads/video/\": request timeout"
time="2026-08-19T19:54:23Z" level=warning msg="Request Failed" error="Post \"http://backend:8000/uploads/video/\": request timeout"

running (2m25.0s), 174/200 VUs, 113 complete and 0 interrupted iterations
stress ↓ [ 100% ] 200/200 VUs  2m0s  19.99 iters/s
time="2026-08-19T19:54:23Z" level=warning msg="Request Failed" error="Post \"http://backend:8000/uploads/video/\": request timeout"
time="2026-08-19T19:54:23Z" level=warning msg="Request Failed" error="Post \"http://backend:8000/uploads/video/\": request timeout"
time="2026-08-19T19:54:23Z" level=warning msg="Request Failed" error="Post \"http://backend:8000/uploads/video/\": request timeout"
time="2026-08-19T19:54:24Z" level=warning msg="Request Failed" error="Post \"http://backend:8000/uploads/video/\": request timeout"
time="2026-08-19T19:54:24Z" level=warning msg="Request Failed" error="Post \"http://backend:8000/uploads/video/\": request timeout"

running (2m26.0s), 169/200 VUs, 118 complete and 0 interrupted iterations
stress ↓ [ 100% ] 200/200 VUs  2m0s  19.99 iters/s
time="2026-08-19T19:54:24Z" level=warning msg="Request Failed" error="Post \"http://backend:8000/uploads/video/\": request timeout"
time="2026-08-19T19:54:24Z" level=warning msg="Request Failed" error="Post \"http://backend:8000/uploads/video/\": request timeout"
time="2026-08-19T19:54:25Z" level=warning msg="Request Failed" error="Post \"http://backend:8000/uploads/video/\": request timeout"
time="2026-08-19T19:54:25Z" level=warning msg="Request Failed" error="Post \"http://backend:8000/uploads/video/\": request timeout"
time="2026-08-19T19:54:25Z" level=warning msg="Request Failed" error="Post \"http://backend:8000/uploads/video/\": request timeout"

running (2m27.0s), 164/200 VUs, 123 complete and 0 interrupted iterations
stress ↓ [ 100% ] 200/200 VUs  2m0s  19.99 iters/s
time="2026-08-19T19:54:25Z" level=warning msg="Request Failed" error="Post \"http://backend:8000/uploads/video/\": request timeout"
time="2026-08-19T19:54:25Z" level=warning msg="Request Failed" error="Post \"http://backend:8000/uploads/video/\": request timeout"
time="2026-08-19T19:54:26Z" level=warning msg="Request Failed" error="Post \"http://backend:8000/uploads/video/\": request timeout"
time="2026-08-19T19:54:26Z" level=warning msg="Request Failed" error="Post \"http://backend:8000/uploads/video/\": request timeout"
time="2026-08-19T19:54:26Z" level=warning msg="Request Failed" error="Post \"http://backend:8000/uploads/video/\": request timeout"

running (2m28.0s), 159/200 VUs, 128 complete and 0 interrupted iterations
stress ↓ [ 100% ] 200/200 VUs  2m0s  19.99 iters/s
time="2026-08-19T19:54:26Z" level=warning msg="Request Failed" error="Post \"http://backend:8000/uploads/video/\": request timeout"
time="2026-08-19T19:54:26Z" level=warning msg="Request Failed" error="Post \"http://backend:8000/uploads/video/\": request timeout"
time="2026-08-19T19:54:27Z" level=warning msg="Request Failed" error="Post \"http://backend:8000/uploads/video/\": request timeout"
time="2026-08-19T19:54:27Z" level=warning msg="Request Failed" error="Post \"http://backend:8000/uploads/video/\": request timeout"

running (2m29.0s), 155/200 VUs, 132 complete and 0 interrupted iterations
stress ↓ [ 100% ] 200/200 VUs  2m0s  19.99 iters/s
time="2026-08-19T19:54:27Z" level=warning msg="Request Failed" error="Post \"http://backend:8000/uploads/video/\": request timeout"
time="2026-08-19T19:54:27Z" level=warning msg="Request Failed" error="Post \"http://backend:8000/uploads/video/\": request timeout"
time="2026-08-19T19:54:27Z" level=warning msg="Request Failed" error="Post \"http://backend:8000/uploads/video/\": request timeout"
time="2026-08-19T19:54:28Z" level=warning msg="Request Failed" error="Post \"http://backend:8000/uploads/video/\": request timeout"
time="2026-08-19T19:54:28Z" level=warning msg="Request Failed" error="Post \"http://backend:8000/uploads/video/\": request timeout"

running (2m30.0s), 150/200 VUs, 137 complete and 0 interrupted iterations
stress ↓ [ 100% ] 200/200 VUs  2m0s  19.99 iters/s


  █ THRESHOLDS 

    checks{test:load}
    ✓ 'rate>0.90' rate=0.00%

    checks{test:search}
    ✓ 'rate>0.90' rate=0.00%

    checks{test:smoke}
    ✓ 'rate>0.90' rate=0.00%

    checks{test:stream}
    ✓ 'rate>0.90' rate=0.00%

    embedding_ready{test:smoke}
    ✓ 'rate>0.90' rate=0.00%

    http_req_failed{test:load}
    ✓ 'rate<0.01' rate=0.00%

    http_req_failed{test:search}
    ✓ 'rate<0.01' rate=0.00%

    http_req_failed{test:smoke}
    ✓ 'rate<0.01' rate=0.00%

    http_req_failed{test:stream}
    ✓ 'rate<0.01' rate=0.00%


  █ TOTAL RESULTS 

    checks_total.......: 432    2.879832/s
    checks_succeeded...: 71.06% 307 out of 432
    checks_failed......: 28.93% 125 out of 432

    ✗ upload 201
      ↳  80% — ✓ 205 / ✗ 50
    ✗ embedding ready
      ↳  16% — ✓ 15 / ✗ 75
    ✓ stream 206

    CUSTOM
    embedding_ready................: 10.71% 15 out of 140
      { test:smoke }...............: 0.00%  0 out of 0
    job_duration_ms................: avg=29861.311111 min=3014   med=30132.5 max=90385    p(90)=30205   p(95)=30232.15

    HTTP
    http_req_duration..............: avg=2.29s        min=1.62ms med=2.86ms  max=1m0s     p(90)=24.2ms  p(95)=67.97ms 
      { expected_response:true }...: avg=7.74ms       min=1.62ms med=2.83ms  max=280.75ms p(90)=15.52ms p(95)=28.4ms  
    http_req_failed................: 3.81%  168 out of 4403
      { test:load }................: 0.00%  0 out of 0
      { test:search }..............: 0.00%  0 out of 0
      { test:smoke }...............: 0.00%  0 out of 0
      { test:stream }..............: 0.00%  0 out of 0
    http_reqs......................: 4403   29.35162/s

    EXECUTION
    dropped_iterations.............: 537    3.579791/s
    iteration_duration.............: avg=39.56s       min=3.04s  med=30.18s  max=1m0s     p(90)=1m0s    p(95)=1m0s    
    iterations.....................: 137    0.91328/s
    vus............................: 150    min=0           max=200
    vus_max........................: 200    min=50          max=200

    NETWORK
    data_received..................: 1.5 MB 10 kB/s
    data_sent......................: 3.1 MB 21 kB/s




running (2m30.0s), 000/200 VUs, 137 complete and 150 interrupted iterations
stress ✓ [ 100% ] 150/200 VUs  2m0s  19.99 iters/s
